Program
 ClassDeclaration
  ClassInfo
   TestStack
  MainDeclaration
   ArgName
    args
   MethodContent
    VarDeclaration
     int
     a
    VarDeclaration
     int
     b
    VarDeclaration
     int
     c
    VarDeclaration
     int
     d
    VarDeclaration
     boolean
     x
    VarDeclaration
     boolean
     y
    VarDeclaration
     boolean
     z
    Assignment
     a
     2
    Assignment
     c
     5
    Assignment
     b
     3
    Assignment
     b
     7
    Assignment
     x
     True
    Assignment
     y
     True
    If
     LessThan
      2
      b
     CodeBlock
      Assignment
       a
       2
      Assignment
       c
       5
     CodeBlock
      Assignment
       a
       2
      Assignment
       c
       3
    Assignment
     b
     Add
      2
      c
    Assignment
     a
     1
    Assignment
     b
     2
    While
     LessThan
      a
      2
     CodeBlock
      Assignment
       d
       1
      Assignment
       c
       1
      Assignment
       c
       a
      Assignment
       a
       Add
        a
        1
    Assignment
     a
     d
