Program
 ImportDeclaration
  ImportLifetime
  ImportName
   io
   println
  ImportArgs
   int
  ImportType
 ImportDeclaration
  ImportLifetime
  ImportName
   io
   println
  ImportArgs
   boolean
  ImportType
 ClassDeclaration
  ClassInfo
   ExpressionSimp
  RegularMethodDeclaration
   MethodType
    boolean
   MethodName
    veryComplexCalculationBool
   MethodVars
   Return
    True
  RegularMethodDeclaration
   MethodType
    int
   MethodName
    veryComplexCalculationInt
   MethodVars
   Return
    0
  MainDeclaration
   ArgName
    args
   MethodContent
    VarDeclaration
     ExpressionSimp
     obj
    VarDeclaration
     int
     a
    VarDeclaration
     boolean
     b
    VarDeclaration
     int
     unknownInt
    VarDeclaration
     boolean
     unknownBool
    Assignment
     obj
     ObjectInit
      ExpressionSimp
      ObjectInitArgs
    Assignment
     unknownInt
     Dot
      obj
      DotArgs
       veryComplexCalculationInt
    Assignment
     unknownBool
     Dot
      obj
      DotArgs
       veryComplexCalculationBool
    Assignment
     a
     6
    Assignment
     a
     4174
    Assignment
     a
     0
    Assignment
     a
     unknownInt
    Assignment
     a
     unknownInt
    Assignment
     a
     1
    Assignment
     b
     unknownBool
    Assignment
     b
     False
    Assignment
     b
     True
    Assignment
     b
     False
    Assignment
     b
     True
    Assignment
     a
     Mul
      0
      Dot
       obj
       DotArgs
        veryComplexCalculationInt
    Assignment
     b
     And
      Dot
       obj
       DotArgs
        veryComplexCalculationBool
      False
