Program
 ImportDeclaration
  ImportLifetime
  ImportName
   io
   println
  ImportArgs
   int
  ImportType
 ClassDeclaration
  ClassInfo
   LoopUnrolling
  MainDeclaration
   ArgName
    args
   MethodContent
    VarDeclaration
     int[]
     array
    VarDeclaration
     int
     i
    Assignment
     array
     ArrayInit
      100
    Assignment
     i
     0
    While
     LessThan
      i
      100
     CodeBlock
      Assignment
       Access
        array
        i
       i
      Assignment
       i
       Add
        i
        1
      Assignment
       Access
        array
        i
       i
      Assignment
       i
       Add
        i
        1
      Assignment
       Access
        array
        i
       i
      Assignment
       i
       Add
        i
        1
      Assignment
       Access
        array
        i
       i
      Assignment
       i
       Add
        i
        1
      Assignment
       Access
        array
        i
       i
      Assignment
       i
       Add
        i
        1
    Assignment
     i
     0
    While
     LessThan
      i
      100
     CodeBlock
      Dot
       io
       DotArgs
        println
        Access
         array
         i
      Assignment
       i
       Add
        i
        1
      Dot
       io
       DotArgs
        println
        Access
         array
         i
      Assignment
       i
       Add
        i
        1
      Dot
       io
       DotArgs
        println
        Access
         array
         i
      Assignment
       i
       Add
        i
        1
      Dot
       io
       DotArgs
        println
        Access
         array
         i
      Assignment
       i
       Add
        i
        1
      Dot
       io
       DotArgs
        println
        Access
         array
         i
      Assignment
       i
       Add
        i
        1
    Assignment
     i
     3
    While
     LessThan
      i
      20
     CodeBlock
      Dot
       io
       DotArgs
        println
        Access
         array
         i
      Assignment
       i
       Add
        i
        2
      Dot
       io
       DotArgs
        println
        Access
         array
         i
      Assignment
       i
       Add
        i
        2
      Dot
       io
       DotArgs
        println
        Access
         array
         i
      Assignment
       i
       Add
        i
        2
