Program
 ImportDeclaration
  ImportLifetime
  ImportName
   io
   println
  ImportArgs
   int
  ImportType
 ImportDeclaration
  ImportLifetime
  ImportName
   ioPlus
   printResult
  ImportArgs
   int
   boolean
  ImportType
   void
 ClassDeclaration
  ClassInfo
   test
   testerest
  VarDeclaration
   int
   i
  VarDeclaration
   int
   j
  RegularMethodDeclaration
   MethodType
    int
   MethodName
    func
   MethodVars
    MethodVar
     boolean
     a
   MethodContent
    VarDeclaration
     ah
     ah
    VarDeclaration
     ah
     ah
    VarDeclaration
     staying
     alive
    VarDeclaration
     staying
     alive
    VarDeclaration
     ah
     ah
    VarDeclaration
     ah
     ah
    VarDeclaration
     staying
     alive
    VarDeclaration
     staying
     aliiiiiiiiiiiiive
    VarDeclaration
     boolean
     a
    VarDeclaration
     int
     a
    VarDeclaration
     int[]
     b
    c
    Dot
     Access
      Access
       d
       2
      4
     DotArgs
      oi
      a
      b
      c
    Assignment
     Access
      e
      2
     3
    Assignment
     b
     Div
      3
      8
    Access
     False
     True
    Assignment
     Access
      element
      ArrayInit
       6
     ObjectInit
      Object
      ObjectInitArgs
    Access
     longaceess
     Add
      Add
       Mul
        4
        2
       1
      Div
       9
       8
    Dot
     This
     DotArgs
      function
      Mul
       This
       4
      Div
       This
       3
    While
     True
     oi
    oi
    If
     And
      And
       False
       20
      Add
       Add
        Sub
         0
         10
        20
       20
     Assignment
      Access
       a
       1
      Add
       455
       Div
        Mul
         Mul
          20
          10
         20
        Access
         a20
         3
     True
   Return
    a
  MainDeclaration
   ArgName
    args
   MethodContent
    Dot
     io
     DotArgs
      println
      Hello
