12000
40
30
12000
true
20
true
20
50
true
false
51
4174
4174
20
10